{
  "version": "1.5.0",
  "plugins_used": [
    {
      "name": "ArtifactoryDetector"
    },
    {
      "name": "AWSKeyDetector"
    },
    {
      "name": "AzureStorageKeyDetector"
    },
    {
      "name": "Base64HighEntropyString",
      "limit": 4.5
    },
    {
      "name": "BasicAuthDetector"
    },
    {
      "name": "CloudantDetector"
    },
    {
      "name": "DiscordBotTokenDetector"
    },
    {
      "name": "GitHubTokenDetector"
    },
    {
      "name": "GitLabTokenDetector"
    },
    {
      "name": "HexHighEntropyString",
      "limit": 3.0
    },
    {
      "name": "IbmCloudIamDetector"
    },
    {
      "name": "IbmCosHmacDetector"
    },
    {
      "name": "IPPublicDetector"
    },
    {
      "name": "JwtTokenDetector"
    },
    {
      "name": "KeywordDetector",
      "keyword_exclude": ""
    },
    {
      "name": "MailchimpDetector"
    },
    {
      "name": "NpmDetector"
    },
    {
      "name": "OpenAIDetector"
    },
    {
      "name": "PrivateKeyDetector"
    },
    {
      "name": "PypiTokenDetector"
    },
    {
      "name": "SendGridDetector"
    },
    {
      "name": "SlackDetector"
    },
    {
      "name": "SoftlayerDetector"
    },
    {
      "name": "SquareOAuthDetector"
    },
    {
      "name": "StripeDetector"
    },
    {
      "name": "TelegramBotTokenDetector"
    },
    {
      "name": "TwilioKeyDetector"
    }
  ],
  "filters_used": [
    {
      "path": "detect_secrets.filters.allowlist.is_line_allowlisted"
    },
    {
      "path": "detect_secrets.filters.common.is_baseline_file",
      "filename": ".secrets.baseline"
    },
    {
      "path": "detect_secrets.filters.common.is_ignored_due_to_verification_policies",
      "min_level": 2
    },
    {
      "path": "detect_secrets.filters.heuristic.is_indirect_reference"
    },
    {
      "path": "detect_secrets.filters.heuristic.is_likely_id_string"
    },
    {
      "path": "detect_secrets.filters.heuristic.is_lock_file"
    },
    {
      "path": "detect_secrets.filters.heuristic.is_not_alphanumeric_string"
    },
    {
      "path": "detect_secrets.filters.heuristic.is_potential_uuid"
    },
    {
      "path": "detect_secrets.filters.heuristic.is_prefixed_with_dollar_sign"
    },
    {
      "path": "detect_secrets.filters.heuristic.is_sequential_string"
    },
    {
      "path": "detect_secrets.filters.heuristic.is_swagger_file"
    },
    {
      "path": "detect_secrets.filters.heuristic.is_templated_secret"
    },
    {
      "path": "detect_secrets.filters.regex.should_exclude_file",
      "pattern": [
        "\\.git/",
        "node_modules/",
        "\\.next/",
        "package-lock\\.json",
        "requirements-lock\\.txt",
        "skills-lock\\.json",
        "tsconfig\\.tsbuildinfo",
        "\\.venv/"
      ]
    }
  ],
  "results": {
    "SRSTech.HTML": [
      {
        "type": "Base64 High Entropy String",
        "filename": "SRSTech.HTML",
        "hashed_secret": "1f39d30b827d2c584bebd30f699264da79dc87ec",
        "is_verified": false,
        "line_number": 3778,
        "is_secret": false
      },
      {
        "type": "Base64 High Entropy String",
        "filename": "SRSTech.HTML",
        "hashed_secret": "e451b7455989334660d652764b9c3aa7c6094d14",
        "is_verified": false,
        "line_number": 4177,
        "is_secret": false
      }
    ],
    "omniflow-backend/alembic/versions/20260620_c988f1befa51_add_fal_license_number_and_phone_number.py": [
      {
        "type": "Hex High Entropy String",
        "filename": "omniflow-backend/alembic/versions/20260620_c988f1befa51_add_fal_license_number_and_phone_number.py",
        "hashed_secret": "24155bec5fd54fbea924a6ff4c12a0b50cf4eed0",
        "is_verified": false,
        "line_number": 15,
        "is_secret": false
      }
    ],
    "omniflow-backend/alembic/versions/20260812_9e62a0b74221_add_clerk_id.py": [
      {
        "type": "Hex High Entropy String",
        "filename": "omniflow-backend/alembic/versions/20260812_9e62a0b74221_add_clerk_id.py",
        "hashed_secret": "da3c27f1ba7ae06b0d76c8bc5baa1c1ae4312265",
        "is_verified": false,
        "line_number": 15,
        "is_secret": false
      }
    ],
    "omniflow-backend/alembic/versions/20260813_srs_features.py": [
      {
        "type": "Hex High Entropy String",
        "filename": "omniflow-backend/alembic/versions/20260813_srs_features.py",
        "hashed_secret": "da3c27f1ba7ae06b0d76c8bc5baa1c1ae4312265",
        "is_verified": false,
        "line_number": 39,
        "is_secret": false
      }
    ],
    "omniflow-backend/scripts/diagnose_failures.py": [
      {
        "type": "Secret Keyword",
        "filename": "omniflow-backend/scripts/diagnose_failures.py",
        "hashed_secret": "df993bc7b57dfe5b87ad2a4a4a9599fab50cb8be",
        "is_verified": false,
        "line_number": 19,
        "is_secret": false
      },
      {
        "type": "Secret Keyword",
        "filename": "omniflow-backend/scripts/diagnose_failures.py",
        "hashed_secret": "a166072605fbcecfa40d43c834d15e3ed9bba5d4",
        "is_verified": false,
        "line_number": 90,
        "is_secret": false
      }
    ],
    "omniflow-backend/scripts/fix_and_verify.py": [
      {
        "type": "Secret Keyword",
        "filename": "omniflow-backend/scripts/fix_and_verify.py",
        "hashed_secret": "df993bc7b57dfe5b87ad2a4a4a9599fab50cb8be",
        "is_verified": false,
        "line_number": 12,
        "is_secret": false
      }
    ],
    "omniflow-backend/scripts/fix_e2e_credentials.py": [
      {
        "type": "Secret Keyword",
        "filename": "omniflow-backend/scripts/fix_e2e_credentials.py",
        "hashed_secret": "87bb24dfa59d90704d418f2fb6c8627f7139c656",
        "is_verified": false,
        "line_number": 24,
        "is_secret": false
      }
    ],
    "omniflow-backend/scripts/fix_login_e2e.py": [
      {
        "type": "Secret Keyword",
        "filename": "omniflow-backend/scripts/fix_login_e2e.py",
        "hashed_secret": "87bb24dfa59d90704d418f2fb6c8627f7139c656",
        "is_verified": false,
        "line_number": 33,
        "is_secret": false
      }
    ],
    "omniflow-backend/scripts/local_inbox_checks.py": [
      {
        "type": "Secret Keyword",
        "filename": "omniflow-backend/scripts/local_inbox_checks.py",
        "hashed_secret": "83defe864ecaef28f02886349eebb5a584a80926",
        "is_verified": false,
        "line_number": 44,
        "is_secret": false
      }
    ],
    "omniflow-backend/scripts/seed_mock_data.py": [
      {
        "type": "Secret Keyword",
        "filename": "omniflow-backend/scripts/seed_mock_data.py",
        "hashed_secret": "87bb24dfa59d90704d418f2fb6c8627f7139c656",
        "is_verified": false,
        "line_number": 398,
        "is_secret": false
      }
    ],
    "omniflow-backend/scripts/seed_password.py": [
      {
        "type": "Secret Keyword",
        "filename": "omniflow-backend/scripts/seed_password.py",
        "hashed_secret": "87bb24dfa59d90704d418f2fb6c8627f7139c656",
        "is_verified": false,
        "line_number": 27,
        "is_secret": false
      }
    ],
    "omniflow-backend/scripts/seed_via_docker.py": [
      {
        "type": "Secret Keyword",
        "filename": "omniflow-backend/scripts/seed_via_docker.py",
        "hashed_secret": "87bb24dfa59d90704d418f2fb6c8627f7139c656",
        "is_verified": false,
        "line_number": 13,
        "is_secret": false
      }
    ],
    "omniflow-backend/scripts/simulate_whatsapp.py": [
      {
        "type": "Secret Keyword",
        "filename": "omniflow-backend/scripts/simulate_whatsapp.py",
        "hashed_secret": "663b6117618509bf48fb693a8daf6097c54c8d5b",
        "is_verified": false,
        "line_number": 36,
        "is_secret": false
      }
    ],
    "omniflow-backend/scripts/test_db.py": [
      {
        "type": "Secret Keyword",
        "filename": "omniflow-backend/scripts/test_db.py",
        "hashed_secret": "df993bc7b57dfe5b87ad2a4a4a9599fab50cb8be",
        "is_verified": false,
        "line_number": 10,
        "is_secret": false
      }
    ],
    "omniflow-backend/scripts/test_pg_conn.py": [
      {
        "type": "Secret Keyword",
        "filename": "omniflow-backend/scripts/test_pg_conn.py",
        "hashed_secret": "df993bc7b57dfe5b87ad2a4a4a9599fab50cb8be",
        "is_verified": false,
        "line_number": 9,
        "is_secret": false
      }
    ],
    "omniflow-backend/scripts/verify_hash.py": [
      {
        "type": "Secret Keyword",
        "filename": "omniflow-backend/scripts/verify_hash.py",
        "hashed_secret": "87bb24dfa59d90704d418f2fb6c8627f7139c656",
        "is_verified": false,
        "line_number": 6,
        "is_secret": false
      }
    ],
    "omniflow-backend/src/gateway/dependencies.py": [
      {
        "type": "Secret Keyword",
        "filename": "omniflow-backend/src/gateway/dependencies.py",
        "hashed_secret": "db324d57473612f696a767994b925fa3be06e8c2",
        "is_verified": false,
        "line_number": 155,
        "is_secret": false
      }
    ],
    "omniflow-backend/src/gateway/routers/webhooks.py": [
      {
        "type": "Secret Keyword",
        "filename": "omniflow-backend/src/gateway/routers/webhooks.py",
        "hashed_secret": "db324d57473612f696a767994b925fa3be06e8c2",
        "is_verified": false,
        "line_number": 54,
        "is_secret": false
      }
    ],
    "omniflow-backend/test_db_insert.py": [
      {
        "type": "Secret Keyword",
        "filename": "omniflow-backend/test_db_insert.py",
        "hashed_secret": "db324d57473612f696a767994b925fa3be06e8c2",
        "is_verified": false,
        "line_number": 24,
        "is_secret": false
      }
    ],
    "omniflow-backend/tests/__init__.py": [
      {
        "type": "Secret Keyword",
        "filename": "omniflow-backend/tests/__init__.py",
        "hashed_secret": "a137f468047c4de8112b4675a99c599d9a03ff61",
        "is_verified": false,
        "line_number": 6,
        "is_secret": false
      },
      {
        "type": "Secret Keyword",
        "filename": "omniflow-backend/tests/__init__.py",
        "hashed_secret": "cf931bd16919a0f83f631ebabe87e606721509e0",
        "is_verified": false,
        "line_number": 7,
        "is_secret": false
      },
      {
        "type": "Secret Keyword",
        "filename": "omniflow-backend/tests/__init__.py",
        "hashed_secret": "e3694c1417723ec08d5b724fd101b28c5611ebd1",
        "is_verified": false,
        "line_number": 8,
        "is_secret": false
      },
      {
        "type": "Secret Keyword",
        "filename": "omniflow-backend/tests/__init__.py",
        "hashed_secret": "789cbe0407840b1c2041cb33452ff60f19bf58cc",
        "is_verified": false,
        "line_number": 10,
        "is_secret": false
      },
      {
        "type": "Secret Keyword",
        "filename": "omniflow-backend/tests/__init__.py",
        "hashed_secret": "3acfb2c2b433c0ea7ff107e33df91b18e52f960f",
        "is_verified": false,
        "line_number": 12,
        "is_secret": false
      },
      {
        "type": "Secret Keyword",
        "filename": "omniflow-backend/tests/__init__.py",
        "hashed_secret": "475e81e79c7880f9b5caa35bec50279c459ad2f9",
        "is_verified": false,
        "line_number": 15,
        "is_secret": false
      }
    ],
    "omniflow-backend/tests/test_llm_provider.py": [
      {
        "type": "Secret Keyword",
        "filename": "omniflow-backend/tests/test_llm_provider.py",
        "hashed_secret": "8d2a8ad7e8efcb27c571016b58be5613015290e6",
        "is_verified": false,
        "line_number": 13,
        "is_secret": false
      },
      {
        "type": "Secret Keyword",
        "filename": "omniflow-backend/tests/test_llm_provider.py",
        "hashed_secret": "044d11e066b13c04d0a40bfa7f2ac982b063637b",
        "is_verified": false,
        "line_number": 14,
        "is_secret": false
      },
      {
        "type": "Secret Keyword",
        "filename": "omniflow-backend/tests/test_llm_provider.py",
        "hashed_secret": "a94a8fe5ccb19ba61c4c0873d391e987982fbbd3",
        "is_verified": false,
        "line_number": 49,
        "is_secret": false
      }
    ],
    "omniflow-backend/tests/test_production.py": [
      {
        "type": "Secret Keyword",
        "filename": "omniflow-backend/tests/test_production.py",
        "hashed_secret": "3be9f957f29f905f10f7b652cab1c95ba8a2c205",
        "is_verified": false,
        "line_number": 63,
        "is_secret": false
      },
      {
        "type": "Secret Keyword",
        "filename": "omniflow-backend/tests/test_production.py",
        "hashed_secret": "475e81e79c7880f9b5caa35bec50279c459ad2f9",
        "is_verified": false,
        "line_number": 76,
        "is_secret": false
      }
    ],
    "omniflow-frontend/.agents/skills/clerk-cli/references/recipes.md": [
      {
        "type": "Secret Keyword",
        "filename": "omniflow-frontend/.agents/skills/clerk-cli/references/recipes.md",
        "hashed_secret": "bbc5def5ff61d2066dee44345c9cbd3f1446d78a",
        "is_verified": false,
        "line_number": 47,
        "is_secret": false
      },
      {
        "type": "Secret Keyword",
        "filename": "omniflow-frontend/.agents/skills/clerk-cli/references/recipes.md",
        "hashed_secret": "ab3eb0f868f05373c611a6c904ae319ff0772c0c",
        "is_verified": false,
        "line_number": 79,
        "is_secret": false
      }
    ],
    "omniflow-frontend/.agents/skills/clerk-custom-ui/core-2/custom-sign-in.md": [
      {
        "type": "Secret Keyword",
        "filename": "omniflow-frontend/.agents/skills/clerk-custom-ui/core-2/custom-sign-in.md",
        "hashed_secret": "551b2ecd829878ea79c9357cde15c4229c2a951e",
        "is_verified": false,
        "line_number": 28,
        "is_secret": false
      },
      {
        "type": "Secret Keyword",
        "filename": "omniflow-frontend/.agents/skills/clerk-custom-ui/core-2/custom-sign-in.md",
        "hashed_secret": "b195e37ba7f712e45714031b28b0fa95abf5094d",
        "is_verified": false,
        "line_number": 87,
        "is_secret": false
      }
    ],
    "omniflow-frontend/.agents/skills/clerk-custom-ui/core-2/custom-sign-up.md": [
      {
        "type": "Secret Keyword",
        "filename": "omniflow-frontend/.agents/skills/clerk-custom-ui/core-2/custom-sign-up.md",
        "hashed_secret": "551b2ecd829878ea79c9357cde15c4229c2a951e",
        "is_verified": false,
        "line_number": 28,
        "is_secret": false
      }
    ],
    "omniflow-frontend/.agents/skills/clerk-custom-ui/core-3/custom-sign-in.md": [
      {
        "type": "Secret Keyword",
        "filename": "omniflow-frontend/.agents/skills/clerk-custom-ui/core-3/custom-sign-in.md",
        "hashed_secret": "551b2ecd829878ea79c9357cde15c4229c2a951e",
        "is_verified": false,
        "line_number": 26,
        "is_secret": false
      },
      {
        "type": "Secret Keyword",
        "filename": "omniflow-frontend/.agents/skills/clerk-custom-ui/core-3/custom-sign-in.md",
        "hashed_secret": "b195e37ba7f712e45714031b28b0fa95abf5094d",
        "is_verified": false,
        "line_number": 113,
        "is_secret": false
      }
    ],
    "omniflow-frontend/.agents/skills/clerk-custom-ui/core-3/custom-sign-up.md": [
      {
        "type": "Secret Keyword",
        "filename": "omniflow-frontend/.agents/skills/clerk-custom-ui/core-3/custom-sign-up.md",
        "hashed_secret": "551b2ecd829878ea79c9357cde15c4229c2a951e",
        "is_verified": false,
        "line_number": 26,
        "is_secret": false
      }
    ],
    "omniflow-frontend/e2e/human_simulation.spec.ts": [
      {
        "type": "Secret Keyword",
        "filename": "omniflow-frontend/e2e/human_simulation.spec.ts",
        "hashed_secret": "87bb24dfa59d90704d418f2fb6c8627f7139c656",
        "is_verified": false,
        "line_number": 28,
        "is_secret": false
      }
    ],
    "omniflow-frontend/messages/en.json": [
      {
        "type": "Secret Keyword",
        "filename": "omniflow-frontend/messages/en.json",
        "hashed_secret": "8be3c943b1609fffbfc51aad666d0a04adf83c9d",
        "is_verified": false,
        "line_number": 68,
        "is_secret": false
      }
    ]
  },
  "generated_at": "2026-10-03T16:24:46Z"
}
